🧪 Starting chat history sync test...

👥 Creating 3 user contexts...
🏠 Test room ID: test-sync-1759170866941

🌐 Loading app for all users...
✏️  Setting usernames...
❌ Test failed with error: page.fill: Timeout 30000ms exceeded.
Call log:
[2m  - waiting for locator('#userName')[22m
[2m    - locator resolved to <input value="" type="text" id="userName" autocomplete="off" data-lpignore="true" data-1p-ignore="true" placeholder="Anonymous" class="bg-transparent border-none outline-none flex-1 text-sm font-medium"/>[22m
[2m    - fill("Alice")[22m
[2m  - attempting fill action[22m
[2m    2 × waiting for element to be visible, enabled and editable[22m
[2m      - element is not visible[22m
[2m    - retrying fill action[22m
[2m    - waiting 20ms[22m
[2m    2 × waiting for element to be visible, enabled and editable[22m
[2m      - element is not visible[22m
[2m    - retrying fill action[22m
[2m      - waiting 100ms[22m
[2m    59 × waiting for element to be visible, enabled and editable[22m
[2m       - element is not visible[22m
[2m     - retrying fill action[22m
[2m       - waiting 500ms[22m
[2m    - waiting for element to be visible, enabled and editable[22m

    at test (/Users/j/Code/lawzava/mindline/test-chat-history-fix.js:43:17) {
  name: 'TimeoutError'
}
